// Jest Snapshot v1, https://goo.gl/fbAQLP

exports[`matches snapshot 1`] = `
<div>
  <div
    class="-fade-in"
  >
    <div
      aria-label="A love that will last a lifetime"
      class="pinkpanther-split-content"
      role="region"
    >
      <img
        alt="A love that will last a lifetime"
        class="pinkpanther-split-content-image slide-left"
        src="home-ambassador.webp"
      />
      <div
        class="pinkpanther-split-content-text -fade-in-up"
      >
        <h1>
          A love that will last a lifetime
        </h1>
        <p>
          Only a real diamond holds true timeless beauty and value. Slip on one of our dazzling, high grade diamond rings, guaranteed natural and conflict-free, and let it speak louder than words.
        </p>
        <p>
          <a
            class="pinkpanther-cta-link"
            href="/shop/engagement"
          >
            SHOP ENGAGEMENT RINGS
             →
          </a>
        </p>
      </div>
    </div>
    <div
      class="pinkpanther-shop-by-cut-wrapper"
    >
      <div
        aria-label="Shop engagement rings by shape"
        class="pinkpanther-shop-by-cut"
        role="region"
      >
        <h2>
          Shop engagement rings by shape
        </h2>
        <p>
          From timeless classics to modern icons, explore diamond cuts that tell your love story. Whether you’re drawn to a dazzling round, a bold emerald, or a romantic princess, find the diamond that cuts straight to your style.
        </p>
        <div
          class="pinkpanther-shop-by-cut-list"
          role="list"
        />
        <p>
          Not sure what you’re looking for?
           
          <a
            class="pinkpanther-cta-link"
            href="/shop/engagement"
          >
            Speak to an expert.
          </a>
           
          We’ll help you find 
          <i>
            the one
          </i>
          .
        </p>
      </div>
    </div>
    <div
      aria-label="Shop rings by occasion"
      class="pinkpanther-shop-by-occasion"
      role="region"
    >
      <h2>
        Shop rings by occasion
      </h2>
      <p>
        Big moments, small moments, or just feeling fabulous.
        <br />
        There’s a ring for that.
      </p>
      <div
        class="pinkpanther-shop-by-occasion-list"
        role="list"
      >
        <div
          class="pinkpanther-shop-by-occasion-item"
          role="listitem"
        >
          <a
            href="/shop/engagement"
          >
            <p
              class="pinkpanther-shop-by-occasion-blurb -microcopy"
            >
              Make it official, with a sparkle that says 'forever starts here'.
            </p>
            <img
              alt=""
              class="pinkpanther-shop-by-occasion-image"
              src="occasion-engagement.webp"
            />
            <h3>
              engagement
            </h3>
          </a>
        </div>
        <div
          class="pinkpanther-shop-by-occasion-item"
          role="listitem"
        >
          <a
            href="/shop/coming-soon"
          >
            <p
              class="pinkpanther-shop-by-occasion-blurb -microcopy"
            >
              Timeless love deserves a little extra shine.
            </p>
            <img
              alt=""
              class="pinkpanther-shop-by-occasion-image"
              src="style-eternity.webp"
            />
            <h3>
              anniversary
            </h3>
          </a>
        </div>
        <div
          class="pinkpanther-shop-by-occasion-item"
          role="listitem"
        >
          <a
            href="/shop/coming-soon"
          >
            <p
              class="pinkpanther-shop-by-occasion-blurb -microcopy"
            >
              The circle of love. Sealed with serious style.
            </p>
            <img
              alt=""
              class="pinkpanther-shop-by-occasion-image"
              src="style-wedding-bands.webp"
            />
            <h3>
              wedding bands
            </h3>
          </a>
        </div>
        <div
          class="pinkpanther-shop-by-occasion-item"
          role="listitem"
        >
          <a
            href="/shop/coming-soon"
          >
            <p
              class="pinkpanther-shop-by-occasion-blurb -microcopy"
            >
              From sweet surprises to major moments. Make her day shimmer.
            </p>
            <img
              alt=""
              class="pinkpanther-shop-by-occasion-image"
              src="style-gift.webp"
            />
            <h3>
              gifts for her
            </h3>
          </a>
        </div>
        <div
          class="pinkpanther-shop-by-occasion-item"
          role="listitem"
        >
          <a
            href="/shop/coming-soon"
          >
            <p
              class="pinkpanther-shop-by-occasion-blurb -microcopy"
            >
              For the man who has everything. Even a little extra shine.
            </p>
            <img
              alt=""
              class="pinkpanther-shop-by-occasion-image"
              src="style-men.webp"
            />
            <h3>
              gifts for him
            </h3>
          </a>
        </div>
        <div
          class="pinkpanther-shop-by-occasion-item"
          role="listitem"
        >
          <a
            href="/shop/coming-soon"
          >
            <p
              class="pinkpanther-shop-by-occasion-blurb -microcopy"
            >
              Bold, bright, just like yourself.
            </p>
            <img
              alt=""
              class="pinkpanther-shop-by-occasion-image"
              src="cocktail-rings.webp"
            />
            <h3>
              Cocktail rings
            </h3>
          </a>
        </div>
      </div>
    </div>
    <div
      aria-label="Our committment to a brither future"
      class="pinkpanther-full-width-cta"
      role="region"
    >
      <h2
        class="pinkpanther-full-width-cta-title"
      >
        Our committment to a brither future
      </h2>
      <p
        class="pinkpanther-full-width-cta-text"
      >
        By supporting global projects that provide real solutions to climate change, we’re giving our customers the opportunity to shop consciously. Choosing from sustainable lab-grown diamonds or ethical, conflict-free, naturally mined diamonds, without the environmental toll of traditional emissions. Every natural diamond purchased in 2025 directly contributes to protecting trees in the Brazilian rainforest. These initiatives not only help safeguard our planet but also empower the local communities where they take root, creating a legacy of sustainability, responsibility, and shared prosperity.
      </p>
      <p>
        <a
          class="pinkpanther-cta-link"
          href="/about"
          rel="noreferrer"
          target="_blank"
        >
          Learn more
           →
        </a>
      </p>
    </div>
  </div>
</div>
`;
